2024-01-15 08:23:11 INFO Application started successfully
2024-01-15 08:23:15 INFO Database connection established
2024-01-15 08:24:03 WARNING High memory usage detected: 85%
2024-01-15 08:25:17 ERROR Failed to connect to external API: timeout
2024-01-15 08:25:18 INFO Retrying API connection...
2024-01-15 08:25:45 ERROR API connection failed again: connection refused
2024-01-15 08:26:02 INFO Switching to backup API endpoint
2024-01-15 08:26:15 INFO Backup API connected successfully
2024-01-15 08:27:33 WARNING Cache miss rate above threshold: 45%
2024-01-15 08:28:01 ERROR Database query timeout on table users
2024-01-15 08:28:05 INFO Query retried successfully
2024-01-15 08:29:12 INFO Processing batch job 1 of 10
2024-01-15 08:30:45 ERROR Invalid data format in record ID 4521
2024-01-15 08:30:46 WARNING Skipping invalid record
2024-01-15 08:31:22 INFO Processing batch job 2 of 10
2024-01-15 08:32:18 ERROR Disk space low: only 5% remaining
2024-01-15 08:32:19 WARNING Cleanup process initiated
2024-01-15 08:33:05 INFO Freed 2.3GB of disk space
2024-01-15 08:34:11 ERROR Authentication failed for user admin@example.com
2024-01-15 08:34:15 WARNING Multiple failed login attempts detected
2024-01-15 08:35:22 INFO Security alert sent to administrators
2024-01-15 08:36:01 ERROR Configuration file corrupted: config.yaml
2024-01-15 08:36:02 INFO Loading backup configuration
2024-01-15 08:37:14 INFO All systems operational
2024-01-15 08:38:00 INFO Processing batch job 3 of 10